11	1
15	1
26	1
39	1
78	1
48	1
55	1
62	1
69	1
80	1
11	1
27	1
55	1
68	1
80	1